database:
  type: mariadb
  version: 10.5
php_version: 5.6
webserver_type: apache-fpm
use_dns_when_possible: false
additional_hostnames: [overrideone, overridetwo, z-one]
